Enter the key: 
E |3||-4-|---|-5-|---|-6-|---|-7-|-1-|---|-2-|---|-3-|-4-|---|-5-|---|-6-|---|-7-|-1-|---|-2-|
B |7||-1-|---|-2-|---|-3-|-4-|---|-5-|---|-6-|---|-7-|-1-|---|-2-|---|-3-|-4-|---|-5-|---|-6-|
G |5||---|-6-|---|-7-|-1-|---|-2-|---|-3-|-4-|---|-5-|---|-6-|---|-7-|-1-|---|-2-|---|-3-|-4-|
D |2||---|-3-|-4-|---|-5-|---|-6-|---|-7-|-1-|---|-2-|---|-3-|-4-|---|-5-|---|-6-|---|-7-|-1-|
A |6||---|-7-|-1-|---|-2-|---|-3-|-4-|---|-5-|---|-6-|---|-7-|-1-|---|-2-|---|-3-|-4-|---|-5-|
E |3||-4-|---|-5-|---|-6-|---|-7-|-1-|---|-2-|---|-3-|-4-|---|-5-|---|-6-|---|-7-|-1-|---|-2-|
fret number:   3       5       7       9           12          15      17      19      21
[0, 1, 2, 3, 4, 5, 6, 7, 8, 9, 10, 11, 12, 13, 14, 15, 16, 17, 18, 19, 20, 21, 22]

{1: {'B4': {1: 1}, 'E0': {0: 3}, 'E5': {0: 3}, 'G3': {0: 5}},
 2: {'B4': {1: 1}, 'D2': {2: 3}, 'E0': {0: 3}, 'E5': {0: 3}, 'G3': {0: 5}},
 3: {'A1': {3: 1},
     'B4': {1: 1},
     'D2': {2: 3},
     'E0': {3: 5},
     'E5': {3: 5},
     'G3': {0: 5}},
 4: {'A1': {3: 1}, 'B4': {1: 1}, 'D2': {2: 3}, 'E0': {3: 5}, 'E5': {3: 5}},
 5: {'A1': {3: 1}, 'D2': {2: 3}, 'E0': {3: 5}, 'E5': {3: 5}},
 6: {'A1': {3: 1}, 'B4': {1: 1}, 'D2': {2: 3}, 'E0': {3: 5}, 'E5': {3: 5}},
 7: {'A1': {3: 1}, 'D2': {2: 3}, 'E0': {3: 5}, 'E5': {3: 5}},
 8: {'A1': {3: 1},
     'B4': {5: 3},
     'D2': {5: 5},
     'E0': {3: 5},
     'E5': {3: 5},
     'G3': {5: 1}},
 9: {'A1': {3: 1},
     'B4': {5: 3},
     'D2': {5: 5},
     'E0': {3: 5},
     'E5': {3: 5},
     'G3': {5: 1}},
 10: {'B4': {5: 3}, 'D2': {5: 5}, 'G3': {5: 1}},
 11: {'B4': {5: 3}, 'D2': {5: 5}, 'G3': {5: 1}},
 12: {'A1': {3: 1},
      'B4': {5: 3},
      'D2': {5: 5},
      'E0': {3: 5},
      'E5': {3: 5},
      'G3': {5: 1}},
 13: {'B4': {5: 3}, 'D2': {5: 5}, 'G3': {5: 1}},
 14: {'B4': {5: 3}, 'D2': {5: 5}, 'G3': {5: 1}},
 15: {'A1': {7: 3}, 'B4': {5: 3}, 'D2': {5: 5}, 'G3': {5: 1}},
 16: {'A1': {7: 3}, 'B4': {5: 3}, 'D2': {5: 5}, 'G3': {5: 1}},
 17: {'A1': {7: 3},
      'B4': {8: 5},
      'D2': {5: 5},
      'E0': {8: 1},
      'E5': {8: 1},
      'G3': {5: 1}},
 18: {'A1': {7: 3}, 'B4': {8: 5}, 'E0': {8: 1}, 'E5': {8: 1}},
 19: {'A1': {7: 3}, 'B4': {8: 5}, 'E0': {8: 1}, 'E5': {8: 1}},
 20: {'A1': {7: 3}, 'B4': {8: 5}, 'E0': {8: 1}, 'E5': {8: 1}, 'G3': {9: 3}},
 21: {'A1': {7: 3}, 'B4': {8: 5}, 'E0': {8: 1}, 'E5': {8: 1}, 'G3': {9: 3}},
 22: {'B4': {8: 5}, 'E0': {8: 1}, 'E5': {8: 1}, 'G3': {9: 3}},
 23: {'A1': {10: 5},
      'B4': {8: 5},
      'D2': {10: 1},
      'E0': {8: 1},
      'E5': {8: 1},
      'G3': {9: 3}},
 24: {'A1': {10: 5},
      'B4': {8: 5},
      'D2': {10: 1},
      'E0': {8: 1},
      'E5': {8: 1},
      'G3': {9: 3}},
 25: {'A1': {10: 5}, 'D2': {10: 1}, 'G3': {9: 3}},
 26: {'A1': {10: 5},
      'B4': {8: 5},
      'D2': {10: 1},
      'E0': {8: 1},
      'E5': {8: 1},
      'G3': {9: 3}},
 27: {'A1': {10: 5}, 'D2': {10: 1}, 'G3': {9: 3}},
 28: {'A1': {10: 5},
      'D2': {10: 1},
      'E0': {12: 3},
      'E5': {12: 3},
      'G3': {12: 5}},
 29: {'A1': {10: 5},
      'D2': {10: 1},
      'E0': {12: 3},
      'E5': {12: 3},
      'G3': {12: 5}},
 30: {'A1': {10: 5},
      'B4': {13: 1},
      'D2': {10: 1},
      'E0': {12: 3},
      'E5': {12: 3},
      'G3': {12: 5}},
 31: {'B4': {13: 1}, 'E0': {12: 3}, 'E5': {12: 3}, 'G3': {12: 5}},
 32: {'B4': {13: 1}, 'E0': {12: 3}, 'E5': {12: 3}, 'G3': {12: 5}},
 33: {'B4': {13: 1},
      'D2': {14: 3},
      'E0': {12: 3},
      'E5': {12: 3},
      'G3': {12: 5}},
 34: {'B4': {13: 1},
      'D2': {14: 3},
      'E0': {12: 3},
      'E5': {12: 3},
      'G3': {12: 5}},
 35: {'A1': {15: 1},
      'B4': {13: 1},
      'D2': {14: 3},
      'E0': {15: 5},
      'E5': {15: 5},
      'G3': {12: 5}},
 36: {'A1': {15: 1},
      'B4': {13: 1},
      'D2': {14: 3},
      'E0': {15: 5},
      'E5': {15: 5}},
 37: {'A1': {15: 1}, 'D2': {14: 3}, 'E0': {15: 5}, 'E5': {15: 5}},
 38: {'A1': {15: 1},
      'B4': {13: 1},
      'D2': {14: 3},
      'E0': {15: 5},
      'E5': {15: 5}},
 39: {'A1': {15: 1}, 'D2': {14: 3}, 'E0': {15: 5}, 'E5': {15: 5}},
 40: {'A1': {15: 1},
      'B4': {17: 3},
      'D2': {17: 5},
      'E0': {15: 5},
      'E5': {15: 5},
      'G3': {17: 1}},
 41: {'A1': {15: 1},
      'B4': {17: 3},
      'D2': {17: 5},
      'E0': {15: 5},
      'E5': {15: 5},
      'G3': {17: 1}},
 42: {'B4': {17: 3}, 'D2': {17: 5}, 'G3': {17: 1}},
 43: {'B4': {17: 3}, 'D2': {17: 5}, 'G3': {17: 1}},
 44: {'A1': {15: 1},
      'B4': {17: 3},
      'D2': {17: 5},
      'E0': {15: 5},
      'E5': {15: 5},
      'G3': {17: 1}},
 45: {'B4': {17: 3}, 'D2': {17: 5}, 'G3': {17: 1}},
 46: {'B4': {17: 3}, 'D2': {17: 5}, 'G3': {17: 1}},
 47: {'A1': {19: 3}, 'B4': {17: 3}, 'D2': {17: 5}, 'G3': {17: 1}},
 48: {'A1': {19: 3}, 'B4': {17: 3}, 'D2': {17: 5}, 'G3': {17: 1}},
 49: {'A1': {19: 3},
      'B4': {20: 5},
      'D2': {17: 5},
      'E0': {20: 1},
      'E5': {20: 1},
      'G3': {17: 1}},
 50: {'A1': {19: 3}, 'B4': {20: 5}, 'E0': {20: 1}, 'E5': {20: 1}},
 51: {'A1': {19: 3}, 'B4': {20: 5}, 'E0': {20: 1}, 'E5': {20: 1}},
 52: {'A1': {19: 3},
      'B4': {20: 5},
      'E0': {20: 1},
      'E5': {20: 1},
      'G3': {21: 3}},
 53: {'A1': {19: 3},
      'B4': {20: 5},
      'E0': {20: 1},
      'E5': {20: 1},
      'G3': {21: 3}},
 54: {'B4': {20: 5}, 'E0': {20: 1}, 'E5': {20: 1}, 'G3': {21: 3}},
 55: {'A1': {22: 5},
      'B4': {20: 5},
      'D2': {22: 1},
      'E0': {20: 1},
      'E5': {20: 1},
      'G3': {21: 3}},
 56: {'A1': {22: 5},
      'B4': {20: 5},
      'D2': {22: 1},
      'E0': {20: 1},
      'E5': {20: 1},
      'G3': {21: 3}},
 57: {'A1': {22: 5}, 'D2': {22: 1}, 'G3': {21: 3}}}
